
[7m[1m[36m RUN [39m[22m[27m [36mv1.6.0[39m [90mE:/ZEN70/frontend[39m

node.exe : [90mstderr
[2m | tests/http_circui
t.spec.ts[2m > [22m[
2mHTTP Circuit Breaker 
(Rule 6.2.3)[2m > [22
m[2mopens circuit on 5
03 response and interce
pts new requests withou
t reaching backend[22m
[39m
所在位置 行:1 字符: 1
+ & "C:\Program Files\n
odejs/node.exe" "C:\Pro
gram Files\nodejs/node_
mo ...
+ ~~~~~~~~~~~~~~~~~~~~~
~~~~~~~~~~~~~~~~~~~~~~~
~~~~~~~~~~~~~~~~~~~~~~~
~~
    + CategoryInfo     
         : NotSpecifi  
  ed: ([90mstderr[   
 2m...ckend[22m[3    
9m:String) [], Rem    o
teException
    + FullyQualifiedEr 
   rorId : NativeComm  
  andError
 
[ZEN70] API error {
  url: [90mundefined[
39m,
  status: [90mundefine
d[39m,
  message: [32m'localS
torage is not defined'
[39m
}

 [33m鉂?[39m tests/http_circuit.spec.ts [2m ([22m[2m1 test[22m [2m|[22m [31m1 failed[39m[2m)[22m[90m 12[2mms[22m[39m
[31m   [33m鉂?[31m tests/http_circuit.spec.ts[2m > [22mHTTP Circuit Breaker (Rule 6.2.3)[2m > [22mopens circuit on 503 response and intercepts new requests without reaching backend[39m
[31m     鈫?expected false to be true // Object.is equality[39m
 [33m鉂?[39m tests/CardContainer.spec.ts [2m ([22m[2m1 test[22m [2m|[22m [31m1 failed[39m[2m)[22m[90m 7[2mms[22m[39m
[31m   [33m鉂?[31m tests/CardContainer.spec.ts[2m > [22mCardContainer Offline UI Masking (Rule 6.2.1)[2m > [22mapplies backdrop filter and pointer-events-none when hardware is offline[39m
[31m     鈫?document is not defined[39m

[31m鈳幆鈳幆鈳幆鈳?[1m[7m
 Failed Tests 2 [27m[
22m鈳幆鈳幆鈳幆鈳?[39m

[31m[1m[7m FAIL [27
m[22m[39m tests/CardC
ontainer.spec.ts[2m > 
[22mCardContainer Offl
ine UI Masking (Rule 6.
2.1)[2m > [22mapplies
 backdrop filter and po
inter-events-none when 
hardware is offline
[31m[1mReferenceError
[22m: document is not 
defined[39m
[90m [2m鉂?[22m Proxy.
mount node_modules/@vue
/test-utils/dist/vue-te
st-utils.cjs.js:[2m840
1:14[22m[39m
[36m [2m鉂?[22m tests/
CardContainer.spec.ts:
[2m20:21[22m[39m
    [90m 18| [39m    
}[33m;[39m
    [90m 19| [39m    
    [90m 20| [39m    
[35mconst[39m wrapper
 [33m=[39m [34mmount
[39m([33mCardContaine
r[39m[33m,[39m {
    [90m   | [39m    
                [31m^
[39m
    [90m 21| [39m    
  global[33m:[39m {
    [90m 22| [39m    
    stubs[33m:[39m {

[31m[2m鈳幆鈳幆鈳幆鈳幆鈳
幆鈳幆鈳幆鈳幆鈳幆鈳幆鈳幆鈳幆[
1/2]鈳?[22m[39m

[31m[1m[7m FAIL [27
m[22m[39m tests/http_
circuit.spec.ts[2m > 
[22mHTTP Circuit Breake
r (Rule 6.2.3)[2m > [
22mopens circuit on 503
 response and intercept
s new requests without 
reaching backend
[31m[1mAssertionError
[22m: expected false t
o be true // Object.is 
equality[39m

[32m- Expected[39m
[31m+ Received[39m

[32m- true[39m
[31m+ false[39m

[36m [2m鉂?[22m tests/
http_circuit.spec.ts:[
2m37:27[22m[39m
    [90m 35| [39m    
    [90m 36| [39m    
[90m// Circuit is now 
open[39m
    [90m 37| [39m    
[34mexpect[39m(isCirc
uitOpen)[33m.[39m[34
mtoBe[39m([35mtrue[3
9m)[33m;[39m
    [90m   | [39m    
                      
[31m^[39m
    [90m 38| [39m    
    [90m 39| [39m    
[90m// 2. Second reque
st should be caught by 
interceptor BEFORE reac
hi[39m鈥?
[31m[2m鈳幆鈳幆鈳幆鈳幆鈳
幆鈳幆鈳幆鈳幆鈳幆鈳幆鈳幆鈳幆[
2/2]鈳?[22m[39m

[2m Test Files [22m [1m[31m2 failed[39m[22m[90m (2)[39m
[2m      Tests [22m [1m[31m2 failed[39m[22m[90m (2)[39m
[2m   Start at [22m 11:59:05
[2m   Duration [22m 680ms[2m (transform 304ms, setup 0ms, collect 557ms, tests 19ms, environment 0ms, prepare 114ms)[22m

